C:\Documents and Settings\Davidno\Documents\Visual Studio Projects\SDK\Samples\com\Services\CRM\comsvcs\IProcessTerminateNotify.java
C:\Documents and Settings\Davidno\Documents\Visual Studio Projects\SDK\Samples\com\Services\CRM\comsvcs\IEventServer.java
C:\Documents and Settings\Davidno\Documents\Visual Studio Projects\SDK\Samples\com\Services\CRM\comsvcs\EventServer.java
C:\Documents and Settings\Davidno\Documents\Visual Studio Projects\SDK\Samples\com\Services\CRM\comsvcs\CAppData.java
C:\Documents and Settings\Davidno\Documents\Visual Studio Projects\SDK\Samples\com\Services\CRM\comsvcs\IGetAppData.java
C:\Documents and Settings\Davidno\Documents\Visual Studio Projects\SDK\Samples\com\Services\CRM\comsvcs\CCLSIDData.java
C:\Documents and Settings\Davidno\Documents\Visual Studio Projects\SDK\Samples\com\Services\CRM\comsvcs\CAppStatistics.java
C:\Documents and Settings\Davidno\Documents\Visual Studio Projects\SDK\Samples\com\Services\CRM\comsvcs\IReceiveAppData.java
C:\Documents and Settings\Davidno\Documents\Visual Studio Projects\SDK\Samples\com\Services\CRM\comsvcs\TrackerServer.java
C:\Documents and Settings\Davidno\Documents\Visual Studio Projects\SDK\Samples\com\Services\CRM\comsvcs\IDispenserManagerShutdownGuarantee.java
C:\Documents and Settings\Davidno\Documents\Visual Studio Projects\SDK\Samples\com\Services\CRM\comsvcs\IHolder.java
C:\Documents and Settings\Davidno\Documents\Visual Studio Projects\SDK\Samples\com\Services\CRM\comsvcs\IDispenserDriver.java
C:\Documents and Settings\Davidno\Documents\Visual Studio Projects\SDK\Samples\com\Services\CRM\comsvcs\IDispenserManager.java
C:\Documents and Settings\Davidno\Documents\Visual Studio Projects\SDK\Samples\com\Services\CRM\comsvcs\DispenserManager.java
C:\Documents and Settings\Davidno\Documents\Visual Studio Projects\SDK\Samples\com\Services\CRM\comsvcs\IMessageMover.java
C:\Documents and Settings\Davidno\Documents\Visual Studio Projects\SDK\Samples\com\Services\CRM\comsvcs\MessageMover.java
C:\Documents and Settings\Davidno\Documents\Visual Studio Projects\SDK\Samples\com\Services\CRM\comsvcs\ILBEvents.java
C:\Documents and Settings\Davidno\Documents\Visual Studio Projects\SDK\Samples\com\Services\CRM\comsvcs\LBEvents.java
C:\Documents and Settings\Davidno\Documents\Visual Studio Projects\SDK\Samples\com\Services\CRM\comsvcs\ICrmMonitorClerks.java
C:\Documents and Settings\Davidno\Documents\Visual Studio Projects\SDK\Samples\com\Services\CRM\comsvcs\ICrmMonitor.java
C:\Documents and Settings\Davidno\Documents\Visual Studio Projects\SDK\Samples\com\Services\CRM\comsvcs\CRMRecoveryClerk.java
C:\Documents and Settings\Davidno\Documents\Visual Studio Projects\SDK\Samples\com\Services\CRM\comsvcs\tagCrmTransactionState.java
C:\Documents and Settings\Davidno\Documents\Visual Studio Projects\SDK\Samples\com\Services\CRM\comsvcs\ICrmMonitorLogRecords.java
C:\Documents and Settings\Davidno\Documents\Visual Studio Projects\SDK\Samples\com\Services\CRM\comsvcs\CRMClerk.java
C:\Documents and Settings\Davidno\Documents\Visual Studio Projects\SDK\Samples\com\Services\CRM\comsvcs\tagCRMREGFLAGS.java
C:\Documents and Settings\Davidno\Documents\Visual Studio Projects\SDK\Samples\com\Services\CRM\comsvcs\tagCRMFLAGS.java
C:\Documents and Settings\Davidno\Documents\Visual Studio Projects\SDK\Samples\com\Services\CRM\comsvcs\IComCRMEvents.java
C:\Documents and Settings\Davidno\Documents\Visual Studio Projects\SDK\Samples\com\Services\CRM\comsvcs\IComExceptionEvents.java
C:\Documents and Settings\Davidno\Documents\Visual Studio Projects\SDK\Samples\com\Services\CRM\comsvcs\IComQCEvents.java
C:\Documents and Settings\Davidno\Documents\Visual Studio Projects\SDK\Samples\com\Services\CRM\comsvcs\IComIdentityEvents.java
C:\Documents and Settings\Davidno\Documents\Visual Studio Projects\SDK\Samples\com\Services\CRM\comsvcs\IComActivityEvents.java
C:\Documents and Settings\Davidno\Documents\Visual Studio Projects\SDK\Samples\com\Services\CRM\comsvcs\IComObjectConstructionEvents.java
C:\Documents and Settings\Davidno\Documents\Visual Studio Projects\SDK\Samples\com\Services\CRM\comsvcs\IComObjectPoolEvents2.java
C:\Documents and Settings\Davidno\Documents\Visual Studio Projects\SDK\Samples\com\Services\CRM\comsvcs\IComObjectPoolEvents.java
C:\Documents and Settings\Davidno\Documents\Visual Studio Projects\SDK\Samples\com\Services\CRM\comsvcs\IComSecurityEvents.java
C:\Documents and Settings\Davidno\Documents\Visual Studio Projects\SDK\Samples\com\Services\CRM\comsvcs\IComResourceEvents.java
C:\Documents and Settings\Davidno\Documents\Visual Studio Projects\SDK\Samples\com\Services\CRM\comsvcs\IComObjectEvents.java
C:\Documents and Settings\Davidno\Documents\Visual Studio Projects\SDK\Samples\com\Services\CRM\comsvcs\IComMethodEvents.java
C:\Documents and Settings\Davidno\Documents\Visual Studio Projects\SDK\Samples\com\Services\CRM\comsvcs\IComTransactionEvents.java
C:\Documents and Settings\Davidno\Documents\Visual Studio Projects\SDK\Samples\com\Services\CRM\comsvcs\IComInstanceEvents.java
C:\Documents and Settings\Davidno\Documents\Visual Studio Projects\SDK\Samples\com\Services\CRM\comsvcs\IComAppEvents.java
C:\Documents and Settings\Davidno\Documents\Visual Studio Projects\SDK\Samples\com\Services\CRM\comsvcs\IComUserEvent.java
C:\Documents and Settings\Davidno\Documents\Visual Studio Projects\SDK\Samples\com\Services\CRM\comsvcs\__MIDL___MIDL_itf_autosvcs_0283_0001.java
C:\Documents and Settings\Davidno\Documents\Visual Studio Projects\SDK\Samples\com\Services\CRM\comsvcs\IComThreadEvents.java
C:\Documents and Settings\Davidno\Documents\Visual Studio Projects\SDK\Samples\com\Services\CRM\comsvcs\ComServiceEvents.java
C:\Documents and Settings\Davidno\Documents\Visual Studio Projects\SDK\Samples\com\Services\CRM\comsvcs\IMtsGrp.java
C:\Documents and Settings\Davidno\Documents\Visual Studio Projects\SDK\Samples\com\Services\CRM\comsvcs\MtsGrp.java
C:\Documents and Settings\Davidno\Documents\Visual Studio Projects\SDK\Samples\com\Services\CRM\comsvcs\IMTSLocator.java
C:\Documents and Settings\Davidno\Documents\Visual Studio Projects\SDK\Samples\com\Services\CRM\comsvcs\CoMTSLocator.java
C:\Documents and Settings\Davidno\Documents\Visual Studio Projects\SDK\Samples\com\Services\CRM\comsvcs\IMtsEventInfo.java
C:\Documents and Settings\Davidno\Documents\Visual Studio Projects\SDK\Samples\com\Services\CRM\comsvcs\IMtsEvents.java
C:\Documents and Settings\Davidno\Documents\Visual Studio Projects\SDK\Samples\com\Services\CRM\comsvcs\COMEvents.java
C:\Documents and Settings\Davidno\Documents\Visual Studio Projects\SDK\Samples\com\Services\CRM\comsvcs\__MIDL___MIDL_itf_autosvcs_0344_0003.java
C:\Documents and Settings\Davidno\Documents\Visual Studio Projects\SDK\Samples\com\Services\CRM\comsvcs\__MIDL___MIDL_itf_autosvcs_0344_0002.java
C:\Documents and Settings\Davidno\Documents\Visual Studio Projects\SDK\Samples\com\Services\CRM\comsvcs\ISharedPropertyGroupManager.java
C:\Documents and Settings\Davidno\Documents\Visual Studio Projects\SDK\Samples\com\Services\CRM\comsvcs\SharedPropertyGroupManager.java
C:\Documents and Settings\Davidno\Documents\Visual Studio Projects\SDK\Samples\com\Services\CRM\comsvcs\ISharedPropertyGroup.java
C:\Documents and Settings\Davidno\Documents\Visual Studio Projects\SDK\Samples\com\Services\CRM\comsvcs\SharedPropertyGroup.java
C:\Documents and Settings\Davidno\Documents\Visual Studio Projects\SDK\Samples\com\Services\CRM\comsvcs\ISharedProperty.java
C:\Documents and Settings\Davidno\Documents\Visual Studio Projects\SDK\Samples\com\Services\CRM\comsvcs\SharedProperty.java
C:\Documents and Settings\Davidno\Documents\Visual Studio Projects\SDK\Samples\com\Services\CRM\comsvcs\XACTTRANSINFO.java
C:\Documents and Settings\Davidno\Documents\Visual Studio Projects\SDK\Samples\com\Services\CRM\comsvcs\BOID.java
C:\Documents and Settings\Davidno\Documents\Visual Studio Projects\SDK\Samples\com\Services\CRM\comsvcs\ITransaction.java
C:\Documents and Settings\Davidno\Documents\Visual Studio Projects\SDK\Samples\com\Services\CRM\comsvcs\ICreateWithTransactionEx.java
C:\Documents and Settings\Davidno\Documents\Visual Studio Projects\SDK\Samples\com\Services\CRM\comsvcs\ICreateWithTipTransactionEx.java
C:\Documents and Settings\Davidno\Documents\Visual Studio Projects\SDK\Samples\com\Services\CRM\comsvcs\ByotServerEx.java
C:\Documents and Settings\Davidno\Documents\Visual Studio Projects\SDK\Samples\com\Services\CRM\comsvcs\ITransactionContextEx.java
C:\Documents and Settings\Davidno\Documents\Visual Studio Projects\SDK\Samples\com\Services\CRM\comsvcs\TransactionContextEx.java
C:\Documents and Settings\Davidno\Documents\Visual Studio Projects\SDK\Samples\com\Services\CRM\comsvcs\ITransactionContext.java
C:\Documents and Settings\Davidno\Documents\Visual Studio Projects\SDK\Samples\com\Services\CRM\comsvcs\TransactionContext.java
C:\Documents and Settings\Davidno\Documents\Visual Studio Projects\SDK\Samples\com\Services\CRM\comsvcs\ContextInfo.java
C:\Documents and Settings\Davidno\Documents\Visual Studio Projects\SDK\Samples\com\Services\CRM\comsvcs\SecurityProperty.java
C:\Documents and Settings\Davidno\Documents\Visual Studio Projects\SDK\Samples\com\Services\CRM\comsvcs\ObjectContext.java
C:\Documents and Settings\Davidno\Documents\Visual Studio Projects\SDK\Samples\com\Services\CRM\comsvcs\IMTxAS.java
C:\Documents and Settings\Davidno\Documents\Visual Studio Projects\SDK\Samples\com\Services\CRM\comsvcs\AppServer.java
C:\Documents and Settings\Davidno\Documents\Visual Studio Projects\SDK\Samples\com\Services\CRM\comsvcs\ObjectControl.java
C:\Documents and Settings\Davidno\Documents\Visual Studio Projects\SDK\Samples\com\Services\CRM\comsvcs\__MIDL___MIDL_itf_autosvcs_0344_0001.java
C:\Documents and Settings\Davidno\Documents\Visual Studio Projects\SDK\Samples\com\Services\CRM\comsvcs\ICrmFormatLogRecords.java
C:\Documents and Settings\Davidno\Documents\Visual Studio Projects\SDK\Samples\com\Services\CRM\comsvcs\ICrmCompensatorVariants.java
C:\Documents and Settings\Davidno\Documents\Visual Studio Projects\SDK\Samples\com\Services\CRM\comsvcs\tagCrmLogRecordRead.java
C:\Documents and Settings\Davidno\Documents\Visual Studio Projects\SDK\Samples\com\Services\CRM\comsvcs\tagBLOB.java
C:\Documents and Settings\Davidno\Documents\Visual Studio Projects\SDK\Samples\com\Services\CRM\comsvcs\ICrmLogControl.java
C:\Documents and Settings\Davidno\Documents\Visual Studio Projects\SDK\Samples\com\Services\CRM\comsvcs\ICrmCompensator.java
C:\Documents and Settings\Davidno\Documents\Visual Studio Projects\SDK\Samples\com\Services\CRM\comsvcs\ISecurityProperty.java
C:\Documents and Settings\Davidno\Documents\Visual Studio Projects\SDK\Samples\com\Services\CRM\comsvcs\IPlaybackControl.java
C:\Documents and Settings\Davidno\Documents\Visual Studio Projects\SDK\Samples\com\Services\CRM\comsvcs\IObjectContextTip.java
C:\Documents and Settings\Davidno\Documents\Visual Studio Projects\SDK\Samples\com\Services\CRM\comsvcs\IObjectControl.java
C:\Documents and Settings\Davidno\Documents\Visual Studio Projects\SDK\Samples\com\Services\CRM\comsvcs\IObjectConstructString.java
C:\Documents and Settings\Davidno\Documents\Visual Studio Projects\SDK\Samples\com\Services\CRM\comsvcs\IObjectConstruct.java
C:\Documents and Settings\Davidno\Documents\Visual Studio Projects\SDK\Samples\com\Services\CRM\comsvcs\IObjectContextInfo.java
C:\Documents and Settings\Davidno\Documents\Visual Studio Projects\SDK\Samples\com\Services\CRM\comsvcs\IObjectContextActivity.java
C:\Documents and Settings\Davidno\Documents\Visual Studio Projects\SDK\Samples\com\Services\CRM\comsvcs\IObjectContext.java
C:\Documents and Settings\Davidno\Documents\Visual Studio Projects\SDK\Samples\com\Services\CRM\comsvcs\Dummy30040732.java
C:\Documents and Settings\Davidno\Documents\Visual Studio Projects\SDK\Samples\com\Services\CRM\comsvcs\tagTransactionVote.java
C:\Documents and Settings\Davidno\Documents\Visual Studio Projects\SDK\Samples\com\Services\CRM\comsvcs\IContextState.java
C:\Documents and Settings\Davidno\Documents\Visual Studio Projects\SDK\Samples\com\Services\CRM\comsvcs\IGetSecurityCallContext.java
C:\Documents and Settings\Davidno\Documents\Visual Studio Projects\SDK\Samples\com\Services\CRM\comsvcs\GetSecurityCallContextAppObject.java
C:\Documents and Settings\Davidno\Documents\Visual Studio Projects\SDK\Samples\com\Services\CRM\comsvcs\ISecurityCallContext.java
C:\Documents and Settings\Davidno\Documents\Visual Studio Projects\SDK\Samples\com\Services\CRM\comsvcs\SecurityCallContext.java
C:\Documents and Settings\Davidno\Documents\Visual Studio Projects\SDK\Samples\com\Services\CRM\comsvcs\ISecurityCallersColl.java
C:\Documents and Settings\Davidno\Documents\Visual Studio Projects\SDK\Samples\com\Services\CRM\comsvcs\SecurityCallers.java
C:\Documents and Settings\Davidno\Documents\Visual Studio Projects\SDK\Samples\com\Services\CRM\comsvcs\ISecurityIdentityColl.java
C:\Documents and Settings\Davidno\Documents\Visual Studio Projects\SDK\Samples\com\Services\CRM\comsvcs\SecurityIdentity.java
C:\Documents and Settings\Davidno\Documents\Visual Studio Projects\SDK\Samples\com\Services\CRM\comsvcs\ISecurityCertificateColl.java
C:\Documents and Settings\Davidno\Documents\Visual Studio Projects\SDK\Samples\com\Services\CRM\comsvcs\SecurityCertificate.java
